ARM Linker, 5.03 [Build 76] [MDK-ARM Lite]

==============================================================================

Section Cross References

    glcd_16bitif_stm32.o(.text) refers to glcd_16bitif_stm32.o(.data) for driverCode
    glcd_16bitif_stm32.o(.text) refers to glcd_16bitif_stm32.o(.constdata) for Font_6x8_h
    main.o(.text) refers to glcd_16bitif_stm32.o(.text) for GLCD_AfficheString
    main.o(.text) refers to rand.o(.text) for rand
    main.o(.text) refers to main.o(.data) for xBoule
    main.o(.text) refers to boule.o(.constdata) for bmpBouleDroite
    main.o(.text) refers to food.o(.constdata) for bmpFoodMask
    system_stm32f10x.o(.text) refers to system_stm32f10x.o(.data) for SystemCoreClock
    startup_stm32f10x_hd.o(RESET) refers to startup_stm32f10x_hd.o(STACK) for __initial_sp
    startup_stm32f10x_hd.o(RESET) refers to startup_stm32f10x_hd.o(.text) for Reset_Handler
    startup_stm32f10x_hd.o(RESET) refers to main.o(.text) for EXTI3_IRQHandler
    startup_stm32f10x_hd.o(.text) refers to system_stm32f10x.o(.text) for SystemInit
    startup_stm32f10x_hd.o(.text) refers to entry.o(.ARM.Collect$$$$00000000) for __main
    entry.o(.ARM.Collect$$$$00000000) refers (Special) to entry10a.o(.ARM.Collect$$$$0000000D) for __rt_final_cpp
    entry.o(.ARM.Collect$$$$00000000) refers (Special) to entry11a.o(.ARM.Collect$$$$0000000F) for __rt_final_exit
    entry.o(.ARM.Collect$$$$00000000) refers (Special) to entry7b.o(.ARM.Collect$$$$00000008) for _main_clock
    entry.o(.ARM.Collect$$$$00000000) refers (Special) to entry8b.o(.ARM.Collect$$$$0000000A) for _main_cpp_init
    entry.o(.ARM.Collect$$$$00000000) refers (Special) to entry9a.o(.ARM.Collect$$$$0000000B) for _main_init
    entry.o(.ARM.Collect$$$$00000000) refers (Special) to entry5.o(.ARM.Collect$$$$00000004) for _main_scatterload
    entry.o(.ARM.Collect$$$$00000000) refers (Special) to entry2.o(.ARM.Collect$$$$00000001) for _main_stk
    rand.o(.text) refers to rand.o(.data) for .data
    entry2.o(.ARM.Collect$$$$00000001) refers to entry2.o(.ARM.Collect$$$$00002712) for __lit__00000000
    entry2.o(.ARM.Collect$$$$00002712) refers to startup_stm32f10x_hd.o(STACK) for __initial_sp
    entry2.o(__vectab_stack_and_reset_area) refers to startup_stm32f10x_hd.o(STACK) for __initial_sp
    entry2.o(__vectab_stack_and_reset_area) refers to entry.o(.ARM.Collect$$$$00000000) for __main
    entry5.o(.ARM.Collect$$$$00000004) refers to init.o(.text) for __scatterload
    entry9a.o(.ARM.Collect$$$$0000000B) refers to main.o(.text) for main
    entry9b.o(.ARM.Collect$$$$0000000C) refers to main.o(.text) for main
    init.o(.text) refers to entry5.o(.ARM.Collect$$$$00000004) for __main_after_scatterload


==============================================================================

Removing Unused input sections from the image.

    Removing glcd_16bitif_stm32.o(.rev16_text), (4 bytes).
    Removing glcd_16bitif_stm32.o(.revsh_text), (4 bytes).
    Removing main.o(.rev16_text), (4 bytes).
    Removing main.o(.revsh_text), (4 bytes).
    Removing system_stm32f10x.o(.rev16_text), (4 bytes).
    Removing system_stm32f10x.o(.revsh_text), (4 bytes).
    Removing startup_stm32f10x_hd.o(HEAP), (512 bytes).

7 unused section(s) (total 536 bytes) removed from the image.

==============================================================================

Image Symbol Table

    Local Symbols

    Symbol Name                              Value     Ov Type        Size  Object(Section)

    ../clib/microlib/init/entry.s            0x00000000   Number         0  entry7b.o ABSOLUTE
    ../clib/microlib/init/entry.s            0x00000000   Number         0  entry5.o ABSOLUTE
    ../clib/microlib/init/entry.s            0x00000000   Number         0  entry11b.o ABSOLUTE
    ../clib/microlib/init/entry.s            0x00000000   Number         0  entry7a.o ABSOLUTE
    ../clib/microlib/init/entry.s            0x00000000   Number         0  entry10b.o ABSOLUTE
    ../clib/microlib/init/entry.s            0x00000000   Number         0  entry.o ABSOLUTE
    ../clib/microlib/init/entry.s            0x00000000   Number         0  entry10a.o ABSOLUTE
    ../clib/microlib/init/entry.s            0x00000000   Number         0  entry9b.o ABSOLUTE
    ../clib/microlib/init/entry.s            0x00000000   Number         0  entry11a.o ABSOLUTE
    ../clib/microlib/init/entry.s            0x00000000   Number         0  entry9a.o ABSOLUTE
    ../clib/microlib/init/entry.s            0x00000000   Number         0  entry8b.o ABSOLUTE
    ../clib/microlib/init/entry.s            0x00000000   Number         0  entry8a.o ABSOLUTE
    ../clib/microlib/init/entry.s            0x00000000   Number         0  entry2.o ABSOLUTE
    ../clib/microlib/stdlib/rand.c           0x00000000   Number         0  rand.o ABSOLUTE
    dc.s                                     0x00000000   Number         0  dc.o ABSOLUTE
    handlers.s                               0x00000000   Number         0  handlers.o ABSOLUTE
    init.s                                   0x00000000   Number         0  init.o ABSOLUTE
    src\GLCD_16bitIF_STM32.c                 0x00000000   Number         0  glcd_16bitif_stm32.o ABSOLUTE
    src\\GLCD_16bitIF_STM32.c                0x00000000   Number         0  glcd_16bitif_stm32.o ABSOLUTE
    src\\main.c                              0x00000000   Number         0  main.o ABSOLUTE
    src\\system_stm32f10x.c                  0x00000000   Number         0  system_stm32f10x.o ABSOLUTE
    src\boule.c                              0x00000000   Number         0  boule.o ABSOLUTE
    src\food.c                               0x00000000   Number         0  food.o ABSOLUTE
    src\main.c                               0x00000000   Number         0  main.o ABSOLUTE
    src\startup_stm32f10x_hd.s               0x00000000   Number         0  startup_stm32f10x_hd.o ABSOLUTE
    src\system_stm32f10x.c                   0x00000000   Number         0  system_stm32f10x.o ABSOLUTE
    RESET                                    0x08000000   Section      304  startup_stm32f10x_hd.o(RESET)
    .ARM.Collect$$$$00000000                 0x08000130   Section        0  entry.o(.ARM.Collect$$$$00000000)
    .ARM.Collect$$$$00000001                 0x08000130   Section        4  entry2.o(.ARM.Collect$$$$00000001)
    .ARM.Collect$$$$00000004                 0x08000134   Section        4  entry5.o(.ARM.Collect$$$$00000004)
    .ARM.Collect$$$$00000008                 0x08000138   Section        0  entry7b.o(.ARM.Collect$$$$00000008)
    .ARM.Collect$$$$0000000A                 0x08000138   Section        0  entry8b.o(.ARM.Collect$$$$0000000A)
    .ARM.Collect$$$$0000000B                 0x08000138   Section        8  entry9a.o(.ARM.Collect$$$$0000000B)
    .ARM.Collect$$$$0000000D                 0x08000140   Section        0  entry10a.o(.ARM.Collect$$$$0000000D)
    .ARM.Collect$$$$0000000F                 0x08000140   Section        0  entry11a.o(.ARM.Collect$$$$0000000F)
    .ARM.Collect$$$$00002712                 0x08000140   Section        4  entry2.o(.ARM.Collect$$$$00002712)
    __lit__00000000                          0x08000140   Data           4  entry2.o(.ARM.Collect$$$$00002712)
    .text                                    0x08000144   Section        0  glcd_16bitif_stm32.o(.text)
    delay                                    0x08000145   Thumb Code    14  glcd_16bitif_stm32.o(.text)
    rd_reg                                   0x08000153   Thumb Code    20  glcd_16bitif_stm32.o(.text)
    wr_cmd                                   0x080008db   Thumb Code     8  glcd_16bitif_stm32.o(.text)
    wr_dat                                   0x080008e3   Thumb Code     8  glcd_16bitif_stm32.o(.text)
    wr_dat_only                              0x080008eb   Thumb Code     8  glcd_16bitif_stm32.o(.text)
    wr_reg                                   0x080008f3   Thumb Code    20  glcd_16bitif_stm32.o(.text)
    .text                                    0x08000920   Section        0  main.o(.text)
    .text                                    0x08000f20   Section        0  system_stm32f10x.o(.text)
    SetSysClockTo72                          0x08000f21   Thumb Code   212  system_stm32f10x.o(.text)
    SetSysClock                              0x08000ff5   Thumb Code     8  system_stm32f10x.o(.text)
    .text                                    0x080010fc   Section       36  startup_stm32f10x_hd.o(.text)
    .text                                    0x08001120   Section        0  rand.o(.text)
    .text                                    0x08001144   Section       36  init.o(.text)
    i.__scatterload_copy                     0x08001168   Section       14  handlers.o(i.__scatterload_copy)
    i.__scatterload_null                     0x08001176   Section        2  handlers.o(i.__scatterload_null)
    i.__scatterload_zeroinit                 0x08001178   Section       14  handlers.o(i.__scatterload_zeroinit)
    .constdata                               0x08001186   Section     6272  glcd_16bitif_stm32.o(.constdata)
    .constdata                               0x08002a06   Section     5400  boule.o(.constdata)
    .constdata                               0x08003f1e   Section      288  food.o(.constdata)
    .data                                    0x20000000   Section       14  glcd_16bitif_stm32.o(.data)
    TextColor                                0x20000000   Data           2  glcd_16bitif_stm32.o(.data)
    BackColor                                0x20000002   Data           2  glcd_16bitif_stm32.o(.data)
    driverCode                               0x2000000c   Data           2  glcd_16bitif_stm32.o(.data)
    .data                                    0x20000010   Section       32  main.o(.data)
    .data                                    0x20000030   Section       20  system_stm32f10x.o(.data)
    .data                                    0x20000044   Section        4  rand.o(.data)
    _rand_state                              0x20000044   Data           4  rand.o(.data)
    STACK                                    0x20000048   Section     1024  startup_stm32f10x_hd.o(STACK)

    Global Symbols

    Symbol Name                              Value     Ov Type        Size  Object(Section)

    BuildAttributes$$THM_ISAv4$P$D$K$B$S$PE$A:L22UL41UL21$X:L11$S22US41US21$IEEE1$IW$USESV6$~STKCKD$USESV7$~SHL$OSPACE$EBA8$MICROLIB$REQ8$PRES8$EABIv2 0x00000000   Number         0  anon$$obj.o ABSOLUTE
    __ARM_use_no_argv                        0x00000000   Number         0  main.o ABSOLUTE
    __cpp_initialize__aeabi_                  - Undefined Weak Reference
    __cxa_finalize                            - Undefined Weak Reference
    __decompress                              - Undefined Weak Reference
    _clock_init                               - Undefined Weak Reference
    _microlib_exit                            - Undefined Weak Reference
    __Vectors_Size                           0x00000130   Number         0  startup_stm32f10x_hd.o ABSOLUTE
    __Vectors                                0x08000000   Data           4  startup_stm32f10x_hd.o(RESET)
    __Vectors_End                            0x08000130   Data           0  startup_stm32f10x_hd.o(RESET)
    __main                                   0x08000131   Thumb Code     0  entry.o(.ARM.Collect$$$$00000000)
    _main_stk                                0x08000131   Thumb Code     0  entry2.o(.ARM.Collect$$$$00000001)
    _main_scatterload                        0x08000135   Thumb Code     0  entry5.o(.ARM.Collect$$$$00000004)
    __main_after_scatterload                 0x08000139   Thumb Code     0  entry5.o(.ARM.Collect$$$$00000004)
    _main_clock                              0x08000139   Thumb Code     0  entry7b.o(.ARM.Collect$$$$00000008)
    _main_cpp_init                           0x08000139   Thumb Code     0  entry8b.o(.ARM.Collect$$$$0000000A)
    _main_init                               0x08000139   Thumb Code     0  entry9a.o(.ARM.Collect$$$$0000000B)
    __rt_final_cpp                           0x08000141   Thumb Code     0  entry10a.o(.ARM.Collect$$$$0000000D)
    __rt_final_exit                          0x08000141   Thumb Code     0  entry11a.o(.ARM.Collect$$$$0000000F)
    GLCD_Init                                0x08000167   Thumb Code   868  glcd_16bitif_stm32.o(.text)
    GLCD_SetWindow                           0x080004cb   Thumb Code    72  glcd_16bitif_stm32.o(.text)
    GLCD_WindowMax                           0x08000513   Thumb Code    18  glcd_16bitif_stm32.o(.text)
    GLCD_PutPixel                            0x08000525   Thumb Code    84  glcd_16bitif_stm32.o(.text)
    GLCD_SetTextColor                        0x08000579   Thumb Code     6  glcd_16bitif_stm32.o(.text)
    GLCD_SetBackColor                        0x0800057f   Thumb Code     6  glcd_16bitif_stm32.o(.text)
    GLCD_Clear                               0x08000585   Thumb Code    42  glcd_16bitif_stm32.o(.text)
    GLCD_DrawChar_U8                         0x080005af   Thumb Code   112  glcd_16bitif_stm32.o(.text)
    GLCD_DrawChar_U16                        0x0800061f   Thumb Code   112  glcd_16bitif_stm32.o(.text)
    GLCD_DisplayChar                         0x0800068f   Thumb Code    84  glcd_16bitif_stm32.o(.text)
    GLCD_DisplayString                       0x080006e3   Thumb Code    44  glcd_16bitif_stm32.o(.text)
    GLCD_AfficheString                       0x0800070f   Thumb Code    58  glcd_16bitif_stm32.o(.text)
    GLCD_ClearLn                             0x08000749   Thumb Code    94  glcd_16bitif_stm32.o(.text)
    GLCD_Bargraph                            0x080007a7   Thumb Code   106  glcd_16bitif_stm32.o(.text)
    GLCD_Bitmap                              0x08000811   Thumb Code    90  glcd_16bitif_stm32.o(.text)
    GLCD_Bmp                                 0x0800086b   Thumb Code   100  glcd_16bitif_stm32.o(.text)
    GLCD_ScrollVertical                      0x080008cf   Thumb Code     2  glcd_16bitif_stm32.o(.text)
    GLCD_gotoXY                              0x080008d1   Thumb Code    10  glcd_16bitif_stm32.o(.text)
    cfgTimer1                                0x08000921   Thumb Code    76  main.o(.text)
    cfgTimer8                                0x0800096d   Thumb Code    78  main.o(.text)
    cfgGPIO                                  0x080009bb   Thumb Code   336  main.o(.text)
    TIM1_UP_IRQHandler                       0x08000b0b   Thumb Code   392  main.o(.text)
    TIM8_UP_IRQHandler                       0x08000c93   Thumb Code   234  main.o(.text)
    EXTI15_10_IRQHandler                     0x08000d7d   Thumb Code   176  main.o(.text)
    EXTI3_IRQHandler                         0x08000e2d   Thumb Code    60  main.o(.text)
    main                                     0x08000e69   Thumb Code   124  main.o(.text)
    SystemInit                               0x08000ffd   Thumb Code    78  system_stm32f10x.o(.text)
    SystemCoreClockUpdate                    0x0800104b   Thumb Code   142  system_stm32f10x.o(.text)
    Reset_Handler                            0x080010fd   Thumb Code     8  startup_stm32f10x_hd.o(.text)
    NMI_Handler                              0x08001105   Thumb Code     2  startup_stm32f10x_hd.o(.text)
    HardFault_Handler                        0x08001107   Thumb Code     2  startup_stm32f10x_hd.o(.text)
    MemManage_Handler                        0x08001109   Thumb Code     2  startup_stm32f10x_hd.o(.text)
    BusFault_Handler                         0x0800110b   Thumb Code     2  startup_stm32f10x_hd.o(.text)
    UsageFault_Handler                       0x0800110d   Thumb Code     2  startup_stm32f10x_hd.o(.text)
    SVC_Handler                              0x0800110f   Thumb Code     2  startup_stm32f10x_hd.o(.text)
    DebugMon_Handler                         0x08001111   Thumb Code     2  startup_stm32f10x_hd.o(.text)
    PendSV_Handler                           0x08001113   Thumb Code     2  startup_stm32f10x_hd.o(.text)
    SysTick_Handler                          0x08001115   Thumb Code     2  startup_stm32f10x_hd.o(.text)
    ADC1_2_IRQHandler                        0x08001117   Thumb Code     0  startup_stm32f10x_hd.o(.text)
    ADC3_IRQHandler                          0x08001117   Thumb Code     0  startup_stm32f10x_hd.o(.text)
    CAN1_RX1_IRQHandler                      0x08001117   Thumb Code     0  startup_stm32f10x_hd.o(.text)
    CAN1_SCE_IRQHandler                      0x08001117   Thumb Code     0  startup_stm32f10x_hd.o(.text)
    DMA1_Channel1_IRQHandler                 0x08001117   Thumb Code     0  startup_stm32f10x_hd.o(.text)
    DMA1_Channel2_IRQHandler                 0x08001117   Thumb Code     0  startup_stm32f10x_hd.o(.text)
    DMA1_Channel3_IRQHandler                 0x08001117   Thumb Code     0  startup_stm32f10x_hd.o(.text)
    DMA1_Channel4_IRQHandler                 0x08001117   Thumb Code     0  startup_stm32f10x_hd.o(.text)
    DMA1_Channel5_IRQHandler                 0x08001117   Thumb Code     0  startup_stm32f10x_hd.o(.text)
    DMA1_Channel6_IRQHandler                 0x08001117   Thumb Code     0  startup_stm32f10x_hd.o(.text)
    DMA1_Channel7_IRQHandler                 0x08001117   Thumb Code     0  startup_stm32f10x_hd.o(.text)
    DMA2_Channel1_IRQHandler                 0x08001117   Thumb Code     0  startup_stm32f10x_hd.o(.text)
    DMA2_Channel2_IRQHandler                 0x08001117   Thumb Code     0  startup_stm32f10x_hd.o(.text)
    DMA2_Channel3_IRQHandler                 0x08001117   Thumb Code     0  startup_stm32f10x_hd.o(.text)
    DMA2_Channel4_5_IRQHandler               0x08001117   Thumb Code     0  startup_stm32f10x_hd.o(.text)
    EXTI0_IRQHandler                         0x08001117   Thumb Code     0  startup_stm32f10x_hd.o(.text)
    EXTI1_IRQHandler                         0x08001117   Thumb Code     0  startup_stm32f10x_hd.o(.text)
    EXTI2_IRQHandler                         0x08001117   Thumb Code     0  startup_stm32f10x_hd.o(.text)
    EXTI4_IRQHandler                         0x08001117   Thumb Code     0  startup_stm32f10x_hd.o(.text)
    EXTI9_5_IRQHandler                       0x08001117   Thumb Code     0  startup_stm32f10x_hd.o(.text)
    FLASH_IRQHandler                         0x08001117   Thumb Code     0  startup_stm32f10x_hd.o(.text)
    FSMC_IRQHandler                          0x08001117   Thumb Code     0  startup_stm32f10x_hd.o(.text)
    I2C1_ER_IRQHandler                       0x08001117   Thumb Code     0  startup_stm32f10x_hd.o(.text)
    I2C1_EV_IRQHandler                       0x08001117   Thumb Code     0  startup_stm32f10x_hd.o(.text)
    I2C2_ER_IRQHandler                       0x08001117   Thumb Code     0  startup_stm32f10x_hd.o(.text)
    I2C2_EV_IRQHandler                       0x08001117   Thumb Code     0  startup_stm32f10x_hd.o(.text)
    PVD_IRQHandler                           0x08001117   Thumb Code     0  startup_stm32f10x_hd.o(.text)
    RCC_IRQHandler                           0x08001117   Thumb Code     0  startup_stm32f10x_hd.o(.text)
    RTCAlarm_IRQHandler                      0x08001117   Thumb Code     0  startup_stm32f10x_hd.o(.text)
    RTC_IRQHandler                           0x08001117   Thumb Code     0  startup_stm32f10x_hd.o(.text)
    SDIO_IRQHandler                          0x08001117   Thumb Code     0  startup_stm32f10x_hd.o(.text)
    SPI1_IRQHandler                          0x08001117   Thumb Code     0  startup_stm32f10x_hd.o(.text)
    SPI2_IRQHandler                          0x08001117   Thumb Code     0  startup_stm32f10x_hd.o(.text)
    SPI3_IRQHandler                          0x08001117   Thumb Code     0  startup_stm32f10x_hd.o(.text)
    TAMPER_IRQHandler                        0x08001117   Thumb Code     0  startup_stm32f10x_hd.o(.text)
    TIM1_BRK_IRQHandler                      0x08001117   Thumb Code     0  startup_stm32f10x_hd.o(.text)
    TIM1_CC_IRQHandler                       0x08001117   Thumb Code     0  startup_stm32f10x_hd.o(.text)
    TIM1_TRG_COM_IRQHandler                  0x08001117   Thumb Code     0  startup_stm32f10x_hd.o(.text)
    TIM2_IRQHandler                          0x08001117   Thumb Code     0  startup_stm32f10x_hd.o(.text)
    TIM3_IRQHandler                          0x08001117   Thumb Code     0  startup_stm32f10x_hd.o(.text)
    TIM4_IRQHandler                          0x08001117   Thumb Code     0  startup_stm32f10x_hd.o(.text)
    TIM5_IRQHandler                          0x08001117   Thumb Code     0  startup_stm32f10x_hd.o(.text)
    TIM6_IRQHandler                          0x08001117   Thumb Code     0  startup_stm32f10x_hd.o(.text)
    TIM7_IRQHandler                          0x08001117   Thumb Code     0  startup_stm32f10x_hd.o(.text)
    TIM8_BRK_IRQHandler                      0x08001117   Thumb Code     0  startup_stm32f10x_hd.o(.text)
    TIM8_CC_IRQHandler                       0x08001117   Thumb Code     0  startup_stm32f10x_hd.o(.text)
    TIM8_TRG_COM_IRQHandler                  0x08001117   Thumb Code     0  startup_stm32f10x_hd.o(.text)
    UART4_IRQHandler                         0x08001117   Thumb Code     0  startup_stm32f10x_hd.o(.text)
    UART5_IRQHandler                         0x08001117   Thumb Code     0  startup_stm32f10x_hd.o(.text)
    USART1_IRQHandler                        0x08001117   Thumb Code     0  startup_stm32f10x_hd.o(.text)
    USART2_IRQHandler                        0x08001117   Thumb Code     0  startup_stm32f10x_hd.o(.text)
    USART3_IRQHandler                        0x08001117   Thumb Code     0  startup_stm32f10x_hd.o(.text)
    USBWakeUp_IRQHandler                     0x08001117   Thumb Code     0  startup_stm32f10x_hd.o(.text)
    USB_HP_CAN1_TX_IRQHandler                0x08001117   Thumb Code     0  startup_stm32f10x_hd.o(.text)
    USB_LP_CAN1_RX0_IRQHandler               0x08001117   Thumb Code     0  startup_stm32f10x_hd.o(.text)
    WWDG_IRQHandler                          0x08001117   Thumb Code     0  startup_stm32f10x_hd.o(.text)
    rand                                     0x08001121   Thumb Code    20  rand.o(.text)
    srand                                    0x08001135   Thumb Code     6  rand.o(.text)
    __scatterload                            0x08001145   Thumb Code    28  init.o(.text)
    __scatterload_rt2                        0x08001145   Thumb Code     0  init.o(.text)
    __scatterload_copy                       0x08001169   Thumb Code    14  handlers.o(i.__scatterload_copy)
    __scatterload_null                       0x08001177   Thumb Code     2  handlers.o(i.__scatterload_null)
    __scatterload_zeroinit                   0x08001179   Thumb Code    14  handlers.o(i.__scatterload_zeroinit)
    Font_6x8_h                               0x08001186   Data         896  glcd_16bitif_stm32.o(.constdata)
    Font_16x24_h                             0x08001506   Data        5376  glcd_16bitif_stm32.o(.constdata)
    bmpBouleNormal                           0x08002a06   Data         900  boule.o(.constdata)
    bmpBouleGauche                           0x08002d8a   Data         900  boule.o(.constdata)
    bmpBouleDroite                           0x0800310e   Data         900  boule.o(.constdata)
    bmpBouleHaut                             0x08003492   Data         900  boule.o(.constdata)
    bmpBouleBas                              0x08003816   Data         900  boule.o(.constdata)
    bmpBouleMask                             0x08003b9a   Data         900  boule.o(.constdata)
    bmpFood                                  0x08003f1e   Data         144  food.o(.constdata)
    bmpFoodMask                              0x08003fae   Data         144  food.o(.constdata)
    Region$$Table$$Base                      0x08004040   Number         0  anon$$obj.o(Region$$Table)
    Region$$Table$$Limit                     0x08004060   Number         0  anon$$obj.o(Region$$Table)
    ligne                                    0x20000004   Data           4  glcd_16bitif_stm32.o(.data)
    colonne                                  0x20000008   Data           4  glcd_16bitif_stm32.o(.data)
    xBoule                                   0x20000010   Data           4  main.o(.data)
    yBoule                                   0x20000014   Data           4  main.o(.data)
    directionH                               0x20000018   Data           4  main.o(.data)
    directionV                               0x2000001c   Data           4  main.o(.data)
    xFood                                    0x20000020   Data           4  main.o(.data)
    yFood                                    0x20000024   Data           4  main.o(.data)
    score                                    0x20000028   Data           4  main.o(.data)
    bmpBoule                                 0x2000002c   Data           4  main.o(.data)
    SystemCoreClock                          0x20000030   Data           4  system_stm32f10x.o(.data)
    AHBPrescTable                            0x20000034   Data          16  system_stm32f10x.o(.data)
    __initial_sp                             0x20000448   Data           0  startup_stm32f10x_hd.o(STACK)



==============================================================================

Memory Map of the image

  Image Entry point : 0x080010fd

  Load Region LR_1 (Base: 0x08000000, Size: 0x000040a8, Max: 0xffffffff, ABSOLUTE)

    Execution Region ER_RO (Base: 0x08000000, Size: 0x00004060, Max: 0xffffffff, ABSOLUTE)

    Base Addr    Size         Type   Attr      Idx    E Section Name        Object

    0x08000000   0x00000130   Data   RO          164    RESET               startup_stm32f10x_hd.o
    0x08000130   0x00000000   Code   RO          169  * .ARM.Collect$$$$00000000  mc_w.l(entry.o)
    0x08000130   0x00000004   Code   RO          175    .ARM.Collect$$$$00000001  mc_w.l(entry2.o)
    0x08000134   0x00000004   Code   RO          178    .ARM.Collect$$$$00000004  mc_w.l(entry5.o)
    0x08000138   0x00000000   Code   RO          180    .ARM.Collect$$$$00000008  mc_w.l(entry7b.o)
    0x08000138   0x00000000   Code   RO          182    .ARM.Collect$$$$0000000A  mc_w.l(entry8b.o)
    0x08000138   0x00000008   Code   RO          183    .ARM.Collect$$$$0000000B  mc_w.l(entry9a.o)
    0x08000140   0x00000000   Code   RO          185    .ARM.Collect$$$$0000000D  mc_w.l(entry10a.o)
    0x08000140   0x00000000   Code   RO          187    .ARM.Collect$$$$0000000F  mc_w.l(entry11a.o)
    0x08000140   0x00000004   Code   RO          176    .ARM.Collect$$$$00002712  mc_w.l(entry2.o)
    0x08000144   0x000007dc   Code   RO            3    .text               glcd_16bitif_stm32.o
    0x08000920   0x00000600   Code   RO           59    .text               main.o
    0x08000f20   0x000001dc   Code   RO          138    .text               system_stm32f10x.o
    0x080010fc   0x00000024   Code   RO          165  * .text               startup_stm32f10x_hd.o
    0x08001120   0x00000024   Code   RO          172    .text               mc_w.l(rand.o)
    0x08001144   0x00000024   Code   RO          189    .text               mc_w.l(init.o)
    0x08001168   0x0000000e   Code   RO          193    i.__scatterload_copy  mc_w.l(handlers.o)
    0x08001176   0x00000002   Code   RO          194    i.__scatterload_null  mc_w.l(handlers.o)
    0x08001178   0x0000000e   Code   RO          195    i.__scatterload_zeroinit  mc_w.l(handlers.o)
    0x08001186   0x00001880   Data   RO            4    .constdata          glcd_16bitif_stm32.o
    0x08002a06   0x00001518   Data   RO          108    .constdata          boule.o
    0x08003f1e   0x00000120   Data   RO          124    .constdata          food.o
    0x0800403e   0x00000002   PAD
    0x08004040   0x00000020   Data   RO          191    Region$$Table       anon$$obj.o


    Execution Region ER_RW (Base: 0x20000000, Size: 0x00000048, Max: 0xffffffff, ABSOLUTE)

    Base Addr    Size         Type   Attr      Idx    E Section Name        Object

    0x20000000   0x0000000e   Data   RW            5    .data               glcd_16bitif_stm32.o
    0x2000000e   0x00000002   PAD
    0x20000010   0x00000020   Data   RW           60    .data               main.o
    0x20000030   0x00000014   Data   RW          139    .data               system_stm32f10x.o
    0x20000044   0x00000004   Data   RW          173    .data               mc_w.l(rand.o)


    Execution Region ER_ZI (Base: 0x20000048, Size: 0x00000400, Max: 0xffffffff, ABSOLUTE)

    Base Addr    Size         Type   Attr      Idx    E Section Name        Object

    0x20000048   0x00000400   Zero   RW          162    STACK               startup_stm32f10x_hd.o


==============================================================================

Image component sizes


      Code (inc. data)   RO Data    RW Data    ZI Data      Debug   Object Name

         0          0       5400          0          0        737   boule.o
         0          0        288          0          0        498   food.o
      2012         66       6272         14          0      12229   glcd_16bitif_stm32.o
      1536        174          0         32          0       2324   main.o
        36          8        304          0       1024        736   startup_stm32f10x_hd.o
       476         36          0         20          0       1671   system_stm32f10x.o

    ----------------------------------------------------------------------
      4060        284      12298         68       1024      18195   Object Totals
         0          0         32          0          0          0   (incl. Generated)
         0          0          2          2          0          0   (incl. Padding)

    ----------------------------------------------------------------------

      Code (inc. data)   RO Data    RW Data    ZI Data      Debug   Library Member Name

         0          0          0          0          0          0   entry.o
         0          0          0          0          0          0   entry10a.o
         0          0          0          0          0          0   entry11a.o
         8          4          0          0          0          0   entry2.o
         4          0          0          0          0          0   entry5.o
         0          0          0          0          0          0   entry7b.o
         0          0          0          0          0          0   entry8b.o
         8          4          0          0          0          0   entry9a.o
        30          0          0          0          0          0   handlers.o
        36          8          0          0          0         68   init.o
        36         10          0          4          0        136   rand.o

    ----------------------------------------------------------------------
       122         26          0          4          0        204   Library Totals
         0          0          0          0          0          0   (incl. Padding)

    ----------------------------------------------------------------------

      Code (inc. data)   RO Data    RW Data    ZI Data      Debug   Library Name

       122         26          0          4          0        204   mc_w.l

    ----------------------------------------------------------------------
       122         26          0          4          0        204   Library Totals

    ----------------------------------------------------------------------

==============================================================================


      Code (inc. data)   RO Data    RW Data    ZI Data      Debug   

      4182        310      12298         72       1024      18139   Grand Totals
      4182        310      12298         72       1024      18139   ELF Image Totals
      4182        310      12298         72          0          0   ROM Totals

==============================================================================

    Total RO  Size (Code + RO Data)                16480 (  16.09kB)
    Total RW  Size (RW Data + ZI Data)              1096 (   1.07kB)
    Total ROM Size (Code + RO Data + RW Data)      16552 (  16.16kB)

==============================================================================

