<html>
<body>
<pre>
<h1>µVision Build Log</h1>
<h2>Project:</h2>
C:\Users\david\Documents\Mes dossiers\IUT\APM\PACMAN\boule.uvproj
Project File Date:  06/11/2014

<h2>Output:</h2>
Rebuild target 'DebugInSitu'
compiling GLCD_16bitIF_STM32.c...
compiling main.c...
compiling boule.c...
compiling food.c...
compiling system_stm32f10x.c...
assembling startup_stm32f10x_hd.s...
linking...
Program Size: Code=4182 RO-data=12298 RW-data=72 ZI-data=1024  
FromELF: creating hex file...
".\obj\mangeur.axf" - 0 Error(s), 0 Warning(s).
Load "C:\\Users\\david\\Documents\\Mes dossiers\\IUT\\APM\\PACMAN\\obj\\mangeur.axf" 
Erase Done.
Programming Done.
Verify OK.
Application running ...
</pre>
</body>
</html>
\mangeur.axf" - 2 Error(s), 0 Warning(s).
Target not created
thout a newline
  #endif
src\food.c(22): warning:  #1-D: last line of file ends without a newline
  };
src\food.c: 2 warnings, 0 errors
compiling system_stm32f10x.c...
assembling startup_stm32f10x_hd.s...
".\obj\mangeur.axf" - 2 Error(s), 3 Warning(s).
Target not created
